// Jest Snapshot v1, https://goo.gl/fbAQLP

exports[`<CreateArticle /> should render without throwing an error 1`] = `
<CreateArticle
  article={
    Object {
      "body": "<p>Writing can be better</p>",
      "categoryId": 2,
      "createdAt": "2018-11-09T08:05:04.173Z",
      "description": "writing skill",
      "id": 59,
      "imgUrl": "",
      "ratingAverage": 0,
      "readTime": 1,
      "slug": "writing-skill-b271c674-c842-4306-93ac-7597aa69824e",
      "status": "draft",
      "title": "writing skill",
      "updatedAt": "2018-11-09T08:05:04.173Z",
      "userId": 1,
    }
  }
  categories={
    Array [
      Object {
        "category": "religion",
        "createdAt": "2018-11-07T09:44:42.002Z",
        "id": 1,
        "updatedAt": "2018-11-07T09:44:42.002Z",
      },
    ]
  }
  createArticle={[Function]}
  error={true}
  getAllCategory={[Function]}
  getAllTags={[Function]}
  publishArticle={[Function]}
  store={
    Object {
      "clearActions": [Function],
      "dispatch": [Function],
      "getActions": [Function],
      "getState": [Function],
      "replaceReducer": [Function],
      "subscribe": [Function],
    }
  }
  storeSubscription={
    Subscription {
      "listeners": Object {
        "clear": [Function],
        "get": [Function],
        "notify": [Function],
        "subscribe": [Function],
      },
      "onStateChange": [Function],
      "parentSub": undefined,
      "store": Object {
        "clearActions": [Function],
        "dispatch": [Function],
        "getActions": [Function],
        "getState": [Function],
        "replaceReducer": [Function],
        "subscribe": [Function],
      },
      "unsubscribe": [Function],
    }
  }
  suggestedTags={
    Array [
      Object {
        "createdAt": "2018-11-07T09:39:44.428Z",
        "id": 1,
        "name": "five",
        "updatedAt": "2018-11-07T09:39:44.428Z",
      },
    ]
  }
  tags={
    Array [
      Object {
        "createdAt": "2018-11-07T09:39:44.428Z",
        "id": 1,
        "name": "five",
        "updatedAt": "2018-11-07T09:39:44.428Z",
      },
    ]
  }
  updateArticle={[Function]}
/>
`;
