// Jest Snapshot v1, https://goo.gl/fbAQLP

exports[`<ArticleCard /> should render without throwing an error 1`] = `
<li
  className="article"
>
  <div
    className="photo"
  >
    <img
      alt="article-photo"
      src="https://via.placeholder.com/300?text=AuthorsHaven"
    />
    <div
      className="title"
    >
      title
    </div>
  </div>
  <div
    className="preview"
  >
    description
  </div>
  <div
    className="footer"
  >
    <span
      className="share"
    >
      <a
        href="#"
      >
        SHARE
      </a>
    </span>
    <span
      className="view"
    >
      <a>
        VIEW ARTICLE
      </a>
    </span>
    <span
      className="edit"
    >
      <Link
        replace={false}
        to="/articles/title/title/edit"
      >
        <i
          className="fas fa-edit"
        />
      </Link>
    </span>
    <span
      className="delete"
    >
      <button
        onClick={[Function]}
      >
        <i
          className="fas fa-trash-alt"
        />
      </button>
    </span>
  </div>
</li>
`;
